#-----------------------------------------------------------
# Vivado v2019.1 (64-bit)
# SW Build 2552052 on Fri May 24 14:49:42 MDT 2019
# IP Build 2548770 on Fri May 24 18:01:18 MDT 2019
# Start of session at: Wed Oct 29 13:07:48 2025
# Process ID: 4652
# Current directory: C:/Users/Elliot/Desktop/FPGA/FPGA2/hdl-hdl_2019_r2/projects/fmcomms2/zc706
# Command line: vivado.exe -gui_launcher_event rodinguilauncherevent22324 C:\Users\Elliot\Desktop\FPGA\FPGA2\hdl-hdl_2019_r2\projects\fmcomms2\zc706\fmcomms2_zc706.xpr
# Log file: C:/Users/Elliot/Desktop/FPGA/FPGA2/hdl-hdl_2019_r2/projects/fmcomms2/zc706/vivado.log
# Journal file: C:/Users/Elliot/Desktop/FPGA/FPGA2/hdl-hdl_2019_r2/projects/fmcomms2/zc706\vivado.jou
#-----------------------------------------------------------
start_gui
open_project C:/Users/Elliot/Desktop/FPGA/FPGA2/hdl-hdl_2019_r2/projects/fmcomms2/zc706/fmcomms2_zc706.xpr
update_compile_order -fileset sources_1
launch_sdk -workspace C:/Users/Elliot/Desktop/FPGA/FPGA2/hdl-hdl_2019_r2/projects/fmcomms2/zc706/fmcomms2_zc706.sdk -hwspec C:/Users/Elliot/Desktop/FPGA/FPGA2/hdl-hdl_2019_r2/projects/fmcomms2/zc706/fmcomms2_zc706.sdk/system_top.hdf
