"Running Make libs in ps7_cortexa9_0/libsrc/standalone_v7_0/src"
make -C ps7_cortexa9_0/libsrc/standalone_v7_0/src -s libs  "SHELL=CMD" "COMPILER=arm-none-eabi-gcc" "ARCHIVER=arm-none-eabi-ar" "COMPILER_FLAGS=  -O2 -c" "EXTRA_COMPILER_FLAGS=-mcpu=cortex-a9 -mfpu=vfpv3 -mfloat-abi=hard -nostartfiles -g -Wall -Wextra"
"Compiling standalone"
In file included from usleep.c:56:
xtime_l.h:87:9: note: #pragma message: For the sleep routines, Global timer is being used
 #pragma message ("For the sleep routines, Global timer is being used")
         ^~~~~~~
In file included from xil_sleeptimer.c:51:
xtime_l.h:87:9: note: #pragma message: For the sleep routines, Global timer is being used
 #pragma message ("For the sleep routines, Global timer is being used")
         ^~~~~~~
In file included from xtime_l.c:49:
xtime_l.h:87:9: note: #pragma message: For the sleep routines, Global timer is being used
 #pragma message ("For the sleep routines, Global timer is being used")
         ^~~~~~~
In file included from sleep.c:53:
xtime_l.h:87:9: note: #pragma message: For the sleep routines, Global timer is being used
 #pragma message ("For the sleep routines, Global timer is being used")
         ^~~~~~~
"Running Make libs in ps7_cortexa9_0/libsrc/uartps_v3_7/src"
make -C ps7_cortexa9_0/libsrc/uartps_v3_7/src -s libs  "SHELL=CMD" "COMPILER=arm-none-eabi-gcc" "ARCHIVER=arm-none-eabi-ar" "COMPILER_FLAGS=  -O2 -c" "EXTRA_COMPILER_FLAGS=-mcpu=cortex-a9 -mfpu=vfpv3 -mfloat-abi=hard -nostartfiles -g -Wall -Wextra"
"Compiling uartps"
"Running Make libs in ps7_cortexa9_0/libsrc/usbps_v2_4/src"
make -C ps7_cortexa9_0/libsrc/usbps_v2_4/src -s libs  "SHELL=CMD" "COMPILER=arm-none-eabi-gcc" "ARCHIVER=arm-none-eabi-ar" "COMPILER_FLAGS=  -O2 -c" "EXTRA_COMPILER_FLAGS=-mcpu=cortex-a9 -mfpu=vfpv3 -mfloat-abi=hard -nostartfiles -g -Wall -Wextra"
"Compiling usbps"
"Running Make libs in ps7_cortexa9_0/libsrc/xadcps_v2_3/src"
make -C ps7_cortexa9_0/libsrc/xadcps_v2_3/src -s libs  "SHELL=CMD" "COMPILER=arm-none-eabi-gcc" "ARCHIVER=arm-none-eabi-ar" "COMPILER_FLAGS=  -O2 -c" "EXTRA_COMPILER_FLAGS=-mcpu=cortex-a9 -mfpu=vfpv3 -mfloat-abi=hard -nostartfiles -g -Wall -Wextra"
"Compiling xadcps"
"Running Make libs in ps7_cortexa9_0/libsrc/xilffs_v4_1/src"
make -C ps7_cortexa9_0/libsrc/xilffs_v4_1/src -s libs  "SHELL=CMD" "COMPILER=arm-none-eabi-gcc" "ARCHIVER=arm-none-eabi-ar" "COMPILER_FLAGS=  -O2 -c" "EXTRA_COMPILER_FLAGS=-mcpu=cortex-a9 -mfpu=vfpv3 -mfloat-abi=hard -nostartfiles -g -Wall -Wextra"
"Compiling XilFFs Library"
'Finished building libraries'
13:42:52 **** Build of configuration Debug for project ad9361 ****
make pre-build main-build 
a9-linaro-pre-build-step
' '
'Building file: ../src/src/util/util.c'
'Invoking: ARM v7 gcc compiler'
arm-none-eabi-gcc -DXILINX_PLATFORM -Wall -O0 -g3 -I"C:\Users\Elliot\Desktop\FPGA\FPGA2\hdl-hdl_2019_r2\projects\fmcomms2\zc706\fmcomms2_zc706.sdk\ad9361\src\src\platform" -I"C:\Users\Elliot\Desktop\FPGA\FPGA2\hdl-hdl_2019_r2\projects\fmcomms2\zc706\fmcomms2_zc706.sdk\ad9361\src\src\ad9361" -I"C:\Users\Elliot\Desktop\FPGA\FPGA2\hdl-hdl_2019_r2\projects\fmcomms2\zc706\fmcomms2_zc706.sdk\ad9361\src\src\axi_core" -I"C:\Users\Elliot\Desktop\FPGA\FPGA2\hdl-hdl_2019_r2\projects\fmcomms2\zc706\fmcomms2_zc706.sdk\ad9361\src\src\include" -I"C:\Users\Elliot\Desktop\FPGA\FPGA2\hdl-hdl_2019_r2\projects\fmcomms2\zc706\fmcomms2_zc706.sdk\ad9361\src\src" -c -fmessage-length=0 -MT"src/src/util/util.o" -mcpu=cortex-a9 -mfpu=vfpv3 -mfloat-abi=hard -I../../ad9361_bsp/ps7_cortexa9_0/include -MMD -MP -MF"src/src/util/util.d" -MT"src/src/util/util.o" -o "src/src/util/util.o" "../src/src/util/util.c"
'Finished building: ../src/src/util/util.c'
' '
'Building file: ../src/src/platform/axi_io.c'
'Invoking: ARM v7 gcc compiler'
arm-none-eabi-gcc -DXILINX_PLATFORM -Wall -O0 -g3 -I"C:\Users\Elliot\Desktop\FPGA\FPGA2\hdl-hdl_2019_r2\projects\fmcomms2\zc706\fmcomms2_zc706.sdk\ad9361\src\src\platform" -I"C:\Users\Elliot\Desktop\FPGA\FPGA2\hdl-hdl_2019_r2\projects\fmcomms2\zc706\fmcomms2_zc706.sdk\ad9361\src\src\ad9361" -I"C:\Users\Elliot\Desktop\FPGA\FPGA2\hdl-hdl_2019_r2\projects\fmcomms2\zc706\fmcomms2_zc706.sdk\ad9361\src\src\axi_core" -I"C:\Users\Elliot\Desktop\FPGA\FPGA2\hdl-hdl_2019_r2\projects\fmcomms2\zc706\fmcomms2_zc706.sdk\ad9361\src\src\include" -I"C:\Users\Elliot\Desktop\FPGA\FPGA2\hdl-hdl_2019_r2\projects\fmcomms2\zc706\fmcomms2_zc706.sdk\ad9361\src\src" -c -fmessage-length=0 -MT"src/src/platform/axi_io.o" -mcpu=cortex-a9 -mfpu=vfpv3 -mfloat-abi=hard -I../../ad9361_bsp/ps7_cortexa9_0/include -MMD -MP -MF"src/src/platform/axi_io.d" -MT"src/src/platform/axi_io.o" -o "src/src/platform/axi_io.o" "../src/src/platform/axi_io.c"
'Finished building: ../src/src/platform/axi_io.c'
' '
'Building file: ../src/src/platform/delay.c'
'Invoking: ARM v7 gcc compiler'
arm-none-eabi-gcc -DXILINX_PLATFORM -Wall -O0 -g3 -I"C:\Users\Elliot\Desktop\FPGA\FPGA2\hdl-hdl_2019_r2\projects\fmcomms2\zc706\fmcomms2_zc706.sdk\ad9361\src\src\platform" -I"C:\Users\Elliot\Desktop\FPGA\FPGA2\hdl-hdl_2019_r2\projects\fmcomms2\zc706\fmcomms2_zc706.sdk\ad9361\src\src\ad9361" -I"C:\Users\Elliot\Desktop\FPGA\FPGA2\hdl-hdl_2019_r2\projects\fmcomms2\zc706\fmcomms2_zc706.sdk\ad9361\src\src\axi_core" -I"C:\Users\Elliot\Desktop\FPGA\FPGA2\hdl-hdl_2019_r2\projects\fmcomms2\zc706\fmcomms2_zc706.sdk\ad9361\src\src\include" -I"C:\Users\Elliot\Desktop\FPGA\FPGA2\hdl-hdl_2019_r2\projects\fmcomms2\zc706\fmcomms2_zc706.sdk\ad9361\src\src" -c -fmessage-length=0 -MT"src/src/platform/delay.o" -mcpu=cortex-a9 -mfpu=vfpv3 -mfloat-abi=hard -I../../ad9361_bsp/ps7_cortexa9_0/include -MMD -MP -MF"src/src/platform/delay.d" -MT"src/src/platform/delay.o" -o "src/src/platform/delay.o" "../src/src/platform/delay.c"
'Finished building: ../src/src/platform/delay.c'
' '
'Building file: ../src/src/platform/gpio.c'
'Invoking: ARM v7 gcc compiler'
arm-none-eabi-gcc -DXILINX_PLATFORM -Wall -O0 -g3 -I"C:\Users\Elliot\Desktop\FPGA\FPGA2\hdl-hdl_2019_r2\projects\fmcomms2\zc706\fmcomms2_zc706.sdk\ad9361\src\src\platform" -I"C:\Users\Elliot\Desktop\FPGA\FPGA2\hdl-hdl_2019_r2\projects\fmcomms2\zc706\fmcomms2_zc706.sdk\ad9361\src\src\ad9361" -I"C:\Users\Elliot\Desktop\FPGA\FPGA2\hdl-hdl_2019_r2\projects\fmcomms2\zc706\fmcomms2_zc706.sdk\ad9361\src\src\axi_core" -I"C:\Users\Elliot\Desktop\FPGA\FPGA2\hdl-hdl_2019_r2\projects\fmcomms2\zc706\fmcomms2_zc706.sdk\ad9361\src\src\include" -I"C:\Users\Elliot\Desktop\FPGA\FPGA2\hdl-hdl_2019_r2\projects\fmcomms2\zc706\fmcomms2_zc706.sdk\ad9361\src\src" -c -fmessage-length=0 -MT"src/src/platform/gpio.o" -mcpu=cortex-a9 -mfpu=vfpv3 -mfloat-abi=hard -I../../ad9361_bsp/ps7_cortexa9_0/include -MMD -MP -MF"src/src/platform/gpio.d" -MT"src/src/platform/gpio.o" -o "src/src/platform/gpio.o" "../src/src/platform/gpio.c"
'Finished building: ../src/src/platform/gpio.c'
' '
'Building file: ../src/src/platform/irq.c'
'Invoking: ARM v7 gcc compiler'
arm-none-eabi-gcc -DXILINX_PLATFORM -Wall -O0 -g3 -I"C:\Users\Elliot\Desktop\FPGA\FPGA2\hdl-hdl_2019_r2\projects\fmcomms2\zc706\fmcomms2_zc706.sdk\ad9361\src\src\platform" -I"C:\Users\Elliot\Desktop\FPGA\FPGA2\hdl-hdl_2019_r2\projects\fmcomms2\zc706\fmcomms2_zc706.sdk\ad9361\src\src\ad9361" -I"C:\Users\Elliot\Desktop\FPGA\FPGA2\hdl-hdl_2019_r2\projects\fmcomms2\zc706\fmcomms2_zc706.sdk\ad9361\src\src\axi_core" -I"C:\Users\Elliot\Desktop\FPGA\FPGA2\hdl-hdl_2019_r2\projects\fmcomms2\zc706\fmcomms2_zc706.sdk\ad9361\src\src\include" -I"C:\Users\Elliot\Desktop\FPGA\FPGA2\hdl-hdl_2019_r2\projects\fmcomms2\zc706\fmcomms2_zc706.sdk\ad9361\src\src" -c -fmessage-length=0 -MT"src/src/platform/irq.o" -mcpu=cortex-a9 -mfpu=vfpv3 -mfloat-abi=hard -I../../ad9361_bsp/ps7_cortexa9_0/include -MMD -MP -MF"src/src/platform/irq.d" -MT"src/src/platform/irq.o" -o "src/src/platform/irq.o" "../src/src/platform/irq.c"
'Finished building: ../src/src/platform/irq.c'
' '
'Building file: ../src/src/platform/spi.c'
'Invoking: ARM v7 gcc compiler'
arm-none-eabi-gcc -DXILINX_PLATFORM -Wall -O0 -g3 -I"C:\Users\Elliot\Desktop\FPGA\FPGA2\hdl-hdl_2019_r2\projects\fmcomms2\zc706\fmcomms2_zc706.sdk\ad9361\src\src\platform" -I"C:\Users\Elliot\Desktop\FPGA\FPGA2\hdl-hdl_2019_r2\projects\fmcomms2\zc706\fmcomms2_zc706.sdk\ad9361\src\src\ad9361" -I"C:\Users\Elliot\Desktop\FPGA\FPGA2\hdl-hdl_2019_r2\projects\fmcomms2\zc706\fmcomms2_zc706.sdk\ad9361\src\src\axi_core" -I"C:\Users\Elliot\Desktop\FPGA\FPGA2\hdl-hdl_2019_r2\projects\fmcomms2\zc706\fmcomms2_zc706.sdk\ad9361\src\src\include" -I"C:\Users\Elliot\Desktop\FPGA\FPGA2\hdl-hdl_2019_r2\projects\fmcomms2\zc706\fmcomms2_zc706.sdk\ad9361\src\src" -c -fmessage-length=0 -MT"src/src/platform/spi.o" -mcpu=cortex-a9 -mfpu=vfpv3 -mfloat-abi=hard -I../../ad9361_bsp/ps7_cortexa9_0/include -MMD -MP -MF"src/src/platform/spi.d" -MT"src/src/platform/spi.o" -o "src/src/platform/spi.o" "../src/src/platform/spi.c"
'Finished building: ../src/src/platform/spi.c'
' '
'Building file: ../src/src/platform/xilinx_gpio.c'
'Invoking: ARM v7 gcc compiler'
arm-none-eabi-gcc -DXILINX_PLATFORM -Wall -O0 -g3 -I"C:\Users\Elliot\Desktop\FPGA\FPGA2\hdl-hdl_2019_r2\projects\fmcomms2\zc706\fmcomms2_zc706.sdk\ad9361\src\src\platform" -I"C:\Users\Elliot\Desktop\FPGA\FPGA2\hdl-hdl_2019_r2\projects\fmcomms2\zc706\fmcomms2_zc706.sdk\ad9361\src\src\ad9361" -I"C:\Users\Elliot\Desktop\FPGA\FPGA2\hdl-hdl_2019_r2\projects\fmcomms2\zc706\fmcomms2_zc706.sdk\ad9361\src\src\axi_core" -I"C:\Users\Elliot\Desktop\FPGA\FPGA2\hdl-hdl_2019_r2\projects\fmcomms2\zc706\fmcomms2_zc706.sdk\ad9361\src\src\include" -I"C:\Users\Elliot\Desktop\FPGA\FPGA2\hdl-hdl_2019_r2\projects\fmcomms2\zc706\fmcomms2_zc706.sdk\ad9361\src\src" -c -fmessage-length=0 -MT"src/src/platform/xilinx_gpio.o" -mcpu=cortex-a9 -mfpu=vfpv3 -mfloat-abi=hard -I../../ad9361_bsp/ps7_cortexa9_0/include -MMD -MP -MF"src/src/platform/xilinx_gpio.d" -MT"src/src/platform/xilinx_gpio.o" -o "src/src/platform/xilinx_gpio.o" "../src/src/platform/xilinx_gpio.c"
'Finished building: ../src/src/platform/xilinx_gpio.c'
' '
'Building file: ../src/src/platform/xilinx_spi.c'
'Invoking: ARM v7 gcc compiler'
arm-none-eabi-gcc -DXILINX_PLATFORM -Wall -O0 -g3 -I"C:\Users\Elliot\Desktop\FPGA\FPGA2\hdl-hdl_2019_r2\projects\fmcomms2\zc706\fmcomms2_zc706.sdk\ad9361\src\src\platform" -I"C:\Users\Elliot\Desktop\FPGA\FPGA2\hdl-hdl_2019_r2\projects\fmcomms2\zc706\fmcomms2_zc706.sdk\ad9361\src\src\ad9361" -I"C:\Users\Elliot\Desktop\FPGA\FPGA2\hdl-hdl_2019_r2\projects\fmcomms2\zc706\fmcomms2_zc706.sdk\ad9361\src\src\axi_core" -I"C:\Users\Elliot\Desktop\FPGA\FPGA2\hdl-hdl_2019_r2\projects\fmcomms2\zc706\fmcomms2_zc706.sdk\ad9361\src\src\include" -I"C:\Users\Elliot\Desktop\FPGA\FPGA2\hdl-hdl_2019_r2\projects\fmcomms2\zc706\fmcomms2_zc706.sdk\ad9361\src\src" -c -fmessage-length=0 -MT"src/src/platform/xilinx_spi.o" -mcpu=cortex-a9 -mfpu=vfpv3 -mfloat-abi=hard -I../../ad9361_bsp/ps7_cortexa9_0/include -MMD -MP -MF"src/src/platform/xilinx_spi.d" -MT"src/src/platform/xilinx_spi.o" -o "src/src/platform/xilinx_spi.o" "../src/src/platform/xilinx_spi.c"
'Finished building: ../src/src/platform/xilinx_spi.c'
' '
'Building file: ../src/src/axi_core/axi_adc_core.c'
'Invoking: ARM v7 gcc compiler'
arm-none-eabi-gcc -DXILINX_PLATFORM -Wall -O0 -g3 -I"C:\Users\Elliot\Desktop\FPGA\FPGA2\hdl-hdl_2019_r2\projects\fmcomms2\zc706\fmcomms2_zc706.sdk\ad9361\src\src\platform" -I"C:\Users\Elliot\Desktop\FPGA\FPGA2\hdl-hdl_2019_r2\projects\fmcomms2\zc706\fmcomms2_zc706.sdk\ad9361\src\src\ad9361" -I"C:\Users\Elliot\Desktop\FPGA\FPGA2\hdl-hdl_2019_r2\projects\fmcomms2\zc706\fmcomms2_zc706.sdk\ad9361\src\src\axi_core" -I"C:\Users\Elliot\Desktop\FPGA\FPGA2\hdl-hdl_2019_r2\projects\fmcomms2\zc706\fmcomms2_zc706.sdk\ad9361\src\src\include" -I"C:\Users\Elliot\Desktop\FPGA\FPGA2\hdl-hdl_2019_r2\projects\fmcomms2\zc706\fmcomms2_zc706.sdk\ad9361\src\src" -c -fmessage-length=0 -MT"src/src/axi_core/axi_adc_core.o" -mcpu=cortex-a9 -mfpu=vfpv3 -mfloat-abi=hard -I../../ad9361_bsp/ps7_cortexa9_0/include -MMD -MP -MF"src/src/axi_core/axi_adc_core.d" -MT"src/src/axi_core/axi_adc_core.o" -o "src/src/axi_core/axi_adc_core.o" "../src/src/axi_core/axi_adc_core.c"
../src/src/axi_core/axi_adc_core.c: In function 'axi_adc_delay_set':
../src/src/axi_core/axi_adc_core.c:175:43: warning: format '%x' expects argument of type 'unsigned int', but argument 3 has type 'uint32_t' {aka 'long unsigned int'} [-Wformat=]
     printf("adc_delay_1: sel(%2d), rcv(%04x), exp(%04x)\n\r", (int)i, rdata, delay);
                                        ~~~^                           ~~~~~
                                        %04lx
../src/src/axi_core/axi_adc_core.c:175:54: warning: format '%x' expects argument of type 'unsigned int', but argument 4 has type 'uint32_t' {aka 'long unsigned int'} [-Wformat=]
     printf("adc_delay_1: sel(%2d), rcv(%04x), exp(%04x)\n\r", (int)i, rdata, delay);
                                                   ~~~^                       ~~~~~
                                                   %04lx
'Finished building: ../src/src/axi_core/axi_adc_core.c'
' '
'Building file: ../src/src/axi_core/axi_dac_core.c'
'Invoking: ARM v7 gcc compiler'
arm-none-eabi-gcc -DXILINX_PLATFORM -Wall -O0 -g3 -I"C:\Users\Elliot\Desktop\FPGA\FPGA2\hdl-hdl_2019_r2\projects\fmcomms2\zc706\fmcomms2_zc706.sdk\ad9361\src\src\platform" -I"C:\Users\Elliot\Desktop\FPGA\FPGA2\hdl-hdl_2019_r2\projects\fmcomms2\zc706\fmcomms2_zc706.sdk\ad9361\src\src\ad9361" -I"C:\Users\Elliot\Desktop\FPGA\FPGA2\hdl-hdl_2019_r2\projects\fmcomms2\zc706\fmcomms2_zc706.sdk\ad9361\src\src\axi_core" -I"C:\Users\Elliot\Desktop\FPGA\FPGA2\hdl-hdl_2019_r2\projects\fmcomms2\zc706\fmcomms2_zc706.sdk\ad9361\src\src\include" -I"C:\Users\Elliot\Desktop\FPGA\FPGA2\hdl-hdl_2019_r2\projects\fmcomms2\zc706\fmcomms2_zc706.sdk\ad9361\src\src" -c -fmessage-length=0 -MT"src/src/axi_core/axi_dac_core.o" -mcpu=cortex-a9 -mfpu=vfpv3 -mfloat-abi=hard -I../../ad9361_bsp/ps7_cortexa9_0/include -MMD -MP -MF"src/src/axi_core/axi_dac_core.d" -MT"src/src/axi_core/axi_dac_core.o" -o "src/src/axi_core/axi_dac_core.o" "../src/src/axi_core/axi_dac_core.c"
'Finished building: ../src/src/axi_core/axi_dac_core.c'
' '
'Building file: ../src/src/axi_core/axi_dmac.c'
'Invoking: ARM v7 gcc compiler'
arm-none-eabi-gcc -DXILINX_PLATFORM -Wall -O0 -g3 -I"C:\Users\Elliot\Desktop\FPGA\FPGA2\hdl-hdl_2019_r2\projects\fmcomms2\zc706\fmcomms2_zc706.sdk\ad9361\src\src\platform" -I"C:\Users\Elliot\Desktop\FPGA\FPGA2\hdl-hdl_2019_r2\projects\fmcomms2\zc706\fmcomms2_zc706.sdk\ad9361\src\src\ad9361" -I"C:\Users\Elliot\Desktop\FPGA\FPGA2\hdl-hdl_2019_r2\projects\fmcomms2\zc706\fmcomms2_zc706.sdk\ad9361\src\src\axi_core" -I"C:\Users\Elliot\Desktop\FPGA\FPGA2\hdl-hdl_2019_r2\projects\fmcomms2\zc706\fmcomms2_zc706.sdk\ad9361\src\src\include" -I"C:\Users\Elliot\Desktop\FPGA\FPGA2\hdl-hdl_2019_r2\projects\fmcomms2\zc706\fmcomms2_zc706.sdk\ad9361\src\src" -c -fmessage-length=0 -MT"src/src/axi_core/axi_dmac.o" -mcpu=cortex-a9 -mfpu=vfpv3 -mfloat-abi=hard -I../../ad9361_bsp/ps7_cortexa9_0/include -MMD -MP -MF"src/src/axi_core/axi_dmac.d" -MT"src/src/axi_core/axi_dmac.o" -o "src/src/axi_core/axi_dmac.o" "../src/src/axi_core/axi_dmac.c"
'Finished building: ../src/src/axi_core/axi_dmac.c'
' '
'Building file: ../src/src/ad9361/ad9361.c'
'Invoking: ARM v7 gcc compiler'
arm-none-eabi-gcc -DXILINX_PLATFORM -Wall -O0 -g3 -I"C:\Users\Elliot\Desktop\FPGA\FPGA2\hdl-hdl_2019_r2\projects\fmcomms2\zc706\fmcomms2_zc706.sdk\ad9361\src\src\platform" -I"C:\Users\Elliot\Desktop\FPGA\FPGA2\hdl-hdl_2019_r2\projects\fmcomms2\zc706\fmcomms2_zc706.sdk\ad9361\src\src\ad9361" -I"C:\Users\Elliot\Desktop\FPGA\FPGA2\hdl-hdl_2019_r2\projects\fmcomms2\zc706\fmcomms2_zc706.sdk\ad9361\src\src\axi_core" -I"C:\Users\Elliot\Desktop\FPGA\FPGA2\hdl-hdl_2019_r2\projects\fmcomms2\zc706\fmcomms2_zc706.sdk\ad9361\src\src\include" -I"C:\Users\Elliot\Desktop\FPGA\FPGA2\hdl-hdl_2019_r2\projects\fmcomms2\zc706\fmcomms2_zc706.sdk\ad9361\src\src" -c -fmessage-length=0 -MT"src/src/ad9361/ad9361.o" -mcpu=cortex-a9 -mfpu=vfpv3 -mfloat-abi=hard -I../../ad9361_bsp/ps7_cortexa9_0/include -MMD -MP -MF"src/src/ad9361/ad9361.d" -MT"src/src/ad9361/ad9361.o" -o "src/src/ad9361/ad9361.o" "../src/src/ad9361/ad9361.c"
In file included from ../src/src/ad9361/ad9361_util.h:51,
                 from ../src/src/ad9361/ad9361.c:52:
C:\Users\Elliot\Desktop\FPGA\FPGA2\hdl-hdl_2019_r2\projects\fmcomms2\zc706\fmcomms2_zc706.sdk\ad9361\src\src/app_config.h:52: warning: "XILINX_PLATFORM" redefined
 #define XILINX_PLATFORM
 
<command-line>: note: this is the location of the previous definition
'Finished building: ../src/src/ad9361/ad9361.c'
' '
'Building file: ../src/src/ad9361/ad9361_api.c'
'Invoking: ARM v7 gcc compiler'
arm-none-eabi-gcc -DXILINX_PLATFORM -Wall -O0 -g3 -I"C:\Users\Elliot\Desktop\FPGA\FPGA2\hdl-hdl_2019_r2\projects\fmcomms2\zc706\fmcomms2_zc706.sdk\ad9361\src\src\platform" -I"C:\Users\Elliot\Desktop\FPGA\FPGA2\hdl-hdl_2019_r2\projects\fmcomms2\zc706\fmcomms2_zc706.sdk\ad9361\src\src\ad9361" -I"C:\Users\Elliot\Desktop\FPGA\FPGA2\hdl-hdl_2019_r2\projects\fmcomms2\zc706\fmcomms2_zc706.sdk\ad9361\src\src\axi_core" -I"C:\Users\Elliot\Desktop\FPGA\FPGA2\hdl-hdl_2019_r2\projects\fmcomms2\zc706\fmcomms2_zc706.sdk\ad9361\src\src\include" -I"C:\Users\Elliot\Desktop\FPGA\FPGA2\hdl-hdl_2019_r2\projects\fmcomms2\zc706\fmcomms2_zc706.sdk\ad9361\src\src" -c -fmessage-length=0 -MT"src/src/ad9361/ad9361_api.o" -mcpu=cortex-a9 -mfpu=vfpv3 -mfloat-abi=hard -I../../ad9361_bsp/ps7_cortexa9_0/include -MMD -MP -MF"src/src/ad9361/ad9361_api.d" -MT"src/src/ad9361/ad9361_api.o" -o "src/src/ad9361/ad9361_api.o" "../src/src/ad9361/ad9361_api.c"
In file included from ../src/src/ad9361/ad9361_util.h:51,
                 from ../src/src/ad9361/ad9361_api.h:45,
                 from ../src/src/ad9361/ad9361_api.c:44:
C:\Users\Elliot\Desktop\FPGA\FPGA2\hdl-hdl_2019_r2\projects\fmcomms2\zc706\fmcomms2_zc706.sdk\ad9361\src\src/app_config.h:52: warning: "XILINX_PLATFORM" redefined
 #define XILINX_PLATFORM
 
<command-line>: note: this is the location of the previous definition
'Finished building: ../src/src/ad9361/ad9361_api.c'
' '
'Building file: ../src/src/ad9361/ad9361_conv.c'
'Invoking: ARM v7 gcc compiler'
arm-none-eabi-gcc -DXILINX_PLATFORM -Wall -O0 -g3 -I"C:\Users\Elliot\Desktop\FPGA\FPGA2\hdl-hdl_2019_r2\projects\fmcomms2\zc706\fmcomms2_zc706.sdk\ad9361\src\src\platform" -I"C:\Users\Elliot\Desktop\FPGA\FPGA2\hdl-hdl_2019_r2\projects\fmcomms2\zc706\fmcomms2_zc706.sdk\ad9361\src\src\ad9361" -I"C:\Users\Elliot\Desktop\FPGA\FPGA2\hdl-hdl_2019_r2\projects\fmcomms2\zc706\fmcomms2_zc706.sdk\ad9361\src\src\axi_core" -I"C:\Users\Elliot\Desktop\FPGA\FPGA2\hdl-hdl_2019_r2\projects\fmcomms2\zc706\fmcomms2_zc706.sdk\ad9361\src\src\include" -I"C:\Users\Elliot\Desktop\FPGA\FPGA2\hdl-hdl_2019_r2\projects\fmcomms2\zc706\fmcomms2_zc706.sdk\ad9361\src\src" -c -fmessage-length=0 -MT"src/src/ad9361/ad9361_conv.o" -mcpu=cortex-a9 -mfpu=vfpv3 -mfloat-abi=hard -I../../ad9361_bsp/ps7_cortexa9_0/include -MMD -MP -MF"src/src/ad9361/ad9361_conv.d" -MT"src/src/ad9361/ad9361_conv.o" -o "src/src/ad9361/ad9361_conv.o" "../src/src/ad9361/ad9361_conv.c"
In file included from ../src/src/ad9361/ad9361_util.h:51,
                 from ../src/src/ad9361/ad9361_conv.c:47:
C:\Users\Elliot\Desktop\FPGA\FPGA2\hdl-hdl_2019_r2\projects\fmcomms2\zc706\fmcomms2_zc706.sdk\ad9361\src\src/app_config.h:52: warning: "XILINX_PLATFORM" redefined
 #define XILINX_PLATFORM
 
<command-line>: note: this is the location of the previous definition
'Finished building: ../src/src/ad9361/ad9361_conv.c'
' '
'Building file: ../src/src/ad9361/ad9361_util.c'
'Invoking: ARM v7 gcc compiler'
arm-none-eabi-gcc -DXILINX_PLATFORM -Wall -O0 -g3 -I"C:\Users\Elliot\Desktop\FPGA\FPGA2\hdl-hdl_2019_r2\projects\fmcomms2\zc706\fmcomms2_zc706.sdk\ad9361\src\src\platform" -I"C:\Users\Elliot\Desktop\FPGA\FPGA2\hdl-hdl_2019_r2\projects\fmcomms2\zc706\fmcomms2_zc706.sdk\ad9361\src\src\ad9361" -I"C:\Users\Elliot\Desktop\FPGA\FPGA2\hdl-hdl_2019_r2\projects\fmcomms2\zc706\fmcomms2_zc706.sdk\ad9361\src\src\axi_core" -I"C:\Users\Elliot\Desktop\FPGA\FPGA2\hdl-hdl_2019_r2\projects\fmcomms2\zc706\fmcomms2_zc706.sdk\ad9361\src\src\include" -I"C:\Users\Elliot\Desktop\FPGA\FPGA2\hdl-hdl_2019_r2\projects\fmcomms2\zc706\fmcomms2_zc706.sdk\ad9361\src\src" -c -fmessage-length=0 -MT"src/src/ad9361/ad9361_util.o" -mcpu=cortex-a9 -mfpu=vfpv3 -mfloat-abi=hard -I../../ad9361_bsp/ps7_cortexa9_0/include -MMD -MP -MF"src/src/ad9361/ad9361_util.d" -MT"src/src/ad9361/ad9361_util.o" -o "src/src/ad9361/ad9361_util.o" "../src/src/ad9361/ad9361_util.c"
In file included from ../src/src/ad9361/ad9361_util.h:51,
                 from ../src/src/ad9361/ad9361_util.c:43:
C:\Users\Elliot\Desktop\FPGA\FPGA2\hdl-hdl_2019_r2\projects\fmcomms2\zc706\fmcomms2_zc706.sdk\ad9361\src\src/app_config.h:52: warning: "XILINX_PLATFORM" redefined
 #define XILINX_PLATFORM
 
<command-line>: note: this is the location of the previous definition
'Finished building: ../src/src/ad9361/ad9361_util.c'
' '
'Building file: ../src/src/main.c'
'Invoking: ARM v7 gcc compiler'
arm-none-eabi-gcc -DXILINX_PLATFORM -Wall -O0 -g3 -I"C:\Users\Elliot\Desktop\FPGA\FPGA2\hdl-hdl_2019_r2\projects\fmcomms2\zc706\fmcomms2_zc706.sdk\ad9361\src\src\platform" -I"C:\Users\Elliot\Desktop\FPGA\FPGA2\hdl-hdl_2019_r2\projects\fmcomms2\zc706\fmcomms2_zc706.sdk\ad9361\src\src\ad9361" -I"C:\Users\Elliot\Desktop\FPGA\FPGA2\hdl-hdl_2019_r2\projects\fmcomms2\zc706\fmcomms2_zc706.sdk\ad9361\src\src\axi_core" -I"C:\Users\Elliot\Desktop\FPGA\FPGA2\hdl-hdl_2019_r2\projects\fmcomms2\zc706\fmcomms2_zc706.sdk\ad9361\src\src\include" -I"C:\Users\Elliot\Desktop\FPGA\FPGA2\hdl-hdl_2019_r2\projects\fmcomms2\zc706\fmcomms2_zc706.sdk\ad9361\src\src" -c -fmessage-length=0 -MT"src/src/main.o" -mcpu=cortex-a9 -mfpu=vfpv3 -mfloat-abi=hard -I../../ad9361_bsp/ps7_cortexa9_0/include -MMD -MP -MF"src/src/main.d" -MT"src/src/main.o" -o "src/src/main.o" "../src/src/main.c"
In file included from ../src/src/main.c:45:
../src/src/app_config.h:52: warning: "XILINX_PLATFORM" redefined
 #define XILINX_PLATFORM
 
<command-line>: note: this is the location of the previous definition
../src/src/main.c: In function 'main':
../src/src/main.c:726:54: warning: format '%d' expects argument of type 'int', but argument 3 has type 'uint32_t' {aka 'long unsigned int'} [-Wformat=]
    printf("Frame %d: RSSI before capture (symbol) = %d\n", frame, rssi.symbol);
                                                     ~^            ~~~~~~~~~~~
                                                     %ld
'Finished building: ../src/src/main.c'
' '
'Building target: ad9361.elf'
'Invoking: ARM v7 gcc linker'
arm-none-eabi-gcc -mcpu=cortex-a9 -mfpu=vfpv3 -mfloat-abi=hard -Wl,-build-id=none -specs=Xilinx.spec -Wl,-T -Wl,../src/lscript.ld -L../../ad9361_bsp/ps7_cortexa9_0/lib -o "ad9361.elf"  ./src/src/util/util.o  ./src/src/platform/axi_io.o ./src/src/platform/delay.o ./src/src/platform/gpio.o ./src/src/platform/irq.o ./src/src/platform/spi.o ./src/src/platform/xilinx_gpio.o ./src/src/platform/xilinx_spi.o  ./src/src/axi_core/axi_adc_core.o ./src/src/axi_core/axi_dac_core.o ./src/src/axi_core/axi_dmac.o  ./src/src/ad9361/ad9361.o ./src/src/ad9361/ad9361_api.o ./src/src/ad9361/ad9361_conv.o ./src/src/ad9361/ad9361_util.o  ./src/src/main.o   -lm -Wl,--start-group,-lxil,-lgcc,-lc,--end-group
'Finished building target: ad9361.elf'
' '
'Invoking: ARM v7 Print Size'
arm-none-eabi-size ad9361.elf  |tee "ad9361.elf.size"
   text	   data	    bss	    dec	    hex	filename
 252240	   4864	  23344	 280448	  44780	ad9361.elf
'Finished building: ad9361.elf.size'
' '
00:31:32 **** Incremental Build of configuration Debug for project ad9361 ****
make pre-build main-build 
a9-linaro-pre-build-step
' '
'Building file: ../src/src/ad9361/ad9361.c'
'Invoking: ARM v7 gcc compiler'
arm-none-eabi-gcc -DXILINX_PLATFORM -Wall -O0 -g3 -I"C:\Users\Elliot\Desktop\FPGA\FPGA2\hdl-hdl_2019_r2\projects\fmcomms2\zc706\fmcomms2_zc706.sdk\ad9361\src\src\platform" -I"C:\Users\Elliot\Desktop\FPGA\FPGA2\hdl-hdl_2019_r2\projects\fmcomms2\zc706\fmcomms2_zc706.sdk\ad9361\src\src\ad9361" -I"C:\Users\Elliot\Desktop\FPGA\FPGA2\hdl-hdl_2019_r2\projects\fmcomms2\zc706\fmcomms2_zc706.sdk\ad9361\src\src\axi_core" -I"C:\Users\Elliot\Desktop\FPGA\FPGA2\hdl-hdl_2019_r2\projects\fmcomms2\zc706\fmcomms2_zc706.sdk\ad9361\src\src\include" -I"C:\Users\Elliot\Desktop\FPGA\FPGA2\hdl-hdl_2019_r2\projects\fmcomms2\zc706\fmcomms2_zc706.sdk\ad9361\src\src" -c -fmessage-length=0 -MT"src/src/ad9361/ad9361.o" -mcpu=cortex-a9 -mfpu=vfpv3 -mfloat-abi=hard -I../../ad9361_bsp/ps7_cortexa9_0/include -MMD -MP -MF"src/src/ad9361/ad9361.d" -MT"src/src/ad9361/ad9361.o" -o "src/src/ad9361/ad9361.o" "../src/src/ad9361/ad9361.c"
In file included from ../src/src/ad9361/ad9361_util.h:51,
                 from ../src/src/ad9361/ad9361.c:52:
C:\Users\Elliot\Desktop\FPGA\FPGA2\hdl-hdl_2019_r2\projects\fmcomms2\zc706\fmcomms2_zc706.sdk\ad9361\src\src/app_config.h:52: warning: "XILINX_PLATFORM" redefined
 #define XILINX_PLATFORM
 
<command-line>: note: this is the location of the previous definition
'Finished building: ../src/src/ad9361/ad9361.c'
' '
'Building file: ../src/src/ad9361/ad9361_api.c'
'Invoking: ARM v7 gcc compiler'
arm-none-eabi-gcc -DXILINX_PLATFORM -Wall -O0 -g3 -I"C:\Users\Elliot\Desktop\FPGA\FPGA2\hdl-hdl_2019_r2\projects\fmcomms2\zc706\fmcomms2_zc706.sdk\ad9361\src\src\platform" -I"C:\Users\Elliot\Desktop\FPGA\FPGA2\hdl-hdl_2019_r2\projects\fmcomms2\zc706\fmcomms2_zc706.sdk\ad9361\src\src\ad9361" -I"C:\Users\Elliot\Desktop\FPGA\FPGA2\hdl-hdl_2019_r2\projects\fmcomms2\zc706\fmcomms2_zc706.sdk\ad9361\src\src\axi_core" -I"C:\Users\Elliot\Desktop\FPGA\FPGA2\hdl-hdl_2019_r2\projects\fmcomms2\zc706\fmcomms2_zc706.sdk\ad9361\src\src\include" -I"C:\Users\Elliot\Desktop\FPGA\FPGA2\hdl-hdl_2019_r2\projects\fmcomms2\zc706\fmcomms2_zc706.sdk\ad9361\src\src" -c -fmessage-length=0 -MT"src/src/ad9361/ad9361_api.o" -mcpu=cortex-a9 -mfpu=vfpv3 -mfloat-abi=hard -I../../ad9361_bsp/ps7_cortexa9_0/include -MMD -MP -MF"src/src/ad9361/ad9361_api.d" -MT"src/src/ad9361/ad9361_api.o" -o "src/src/ad9361/ad9361_api.o" "../src/src/ad9361/ad9361_api.c"
In file included from ../src/src/ad9361/ad9361_util.h:51,
                 from ../src/src/ad9361/ad9361_api.h:45,
                 from ../src/src/ad9361/ad9361_api.c:44:
C:\Users\Elliot\Desktop\FPGA\FPGA2\hdl-hdl_2019_r2\projects\fmcomms2\zc706\fmcomms2_zc706.sdk\ad9361\src\src/app_config.h:52: warning: "XILINX_PLATFORM" redefined
 #define XILINX_PLATFORM
 
<command-line>: note: this is the location of the previous definition
'Finished building: ../src/src/ad9361/ad9361_api.c'
' '
'Building file: ../src/src/ad9361/ad9361_conv.c'
'Invoking: ARM v7 gcc compiler'
arm-none-eabi-gcc -DXILINX_PLATFORM -Wall -O0 -g3 -I"C:\Users\Elliot\Desktop\FPGA\FPGA2\hdl-hdl_2019_r2\projects\fmcomms2\zc706\fmcomms2_zc706.sdk\ad9361\src\src\platform" -I"C:\Users\Elliot\Desktop\FPGA\FPGA2\hdl-hdl_2019_r2\projects\fmcomms2\zc706\fmcomms2_zc706.sdk\ad9361\src\src\ad9361" -I"C:\Users\Elliot\Desktop\FPGA\FPGA2\hdl-hdl_2019_r2\projects\fmcomms2\zc706\fmcomms2_zc706.sdk\ad9361\src\src\axi_core" -I"C:\Users\Elliot\Desktop\FPGA\FPGA2\hdl-hdl_2019_r2\projects\fmcomms2\zc706\fmcomms2_zc706.sdk\ad9361\src\src\include" -I"C:\Users\Elliot\Desktop\FPGA\FPGA2\hdl-hdl_2019_r2\projects\fmcomms2\zc706\fmcomms2_zc706.sdk\ad9361\src\src" -c -fmessage-length=0 -MT"src/src/ad9361/ad9361_conv.o" -mcpu=cortex-a9 -mfpu=vfpv3 -mfloat-abi=hard -I../../ad9361_bsp/ps7_cortexa9_0/include -MMD -MP -MF"src/src/ad9361/ad9361_conv.d" -MT"src/src/ad9361/ad9361_conv.o" -o "src/src/ad9361/ad9361_conv.o" "../src/src/ad9361/ad9361_conv.c"
In file included from ../src/src/ad9361/ad9361_util.h:51,
                 from ../src/src/ad9361/ad9361_conv.c:47:
C:\Users\Elliot\Desktop\FPGA\FPGA2\hdl-hdl_2019_r2\projects\fmcomms2\zc706\fmcomms2_zc706.sdk\ad9361\src\src/app_config.h:52: warning: "XILINX_PLATFORM" redefined
 #define XILINX_PLATFORM
 
<command-line>: note: this is the location of the previous definition
'Finished building: ../src/src/ad9361/ad9361_conv.c'
' '
'Building file: ../src/src/ad9361/ad9361_util.c'
'Invoking: ARM v7 gcc compiler'
arm-none-eabi-gcc -DXILINX_PLATFORM -Wall -O0 -g3 -I"C:\Users\Elliot\Desktop\FPGA\FPGA2\hdl-hdl_2019_r2\projects\fmcomms2\zc706\fmcomms2_zc706.sdk\ad9361\src\src\platform" -I"C:\Users\Elliot\Desktop\FPGA\FPGA2\hdl-hdl_2019_r2\projects\fmcomms2\zc706\fmcomms2_zc706.sdk\ad9361\src\src\ad9361" -I"C:\Users\Elliot\Desktop\FPGA\FPGA2\hdl-hdl_2019_r2\projects\fmcomms2\zc706\fmcomms2_zc706.sdk\ad9361\src\src\axi_core" -I"C:\Users\Elliot\Desktop\FPGA\FPGA2\hdl-hdl_2019_r2\projects\fmcomms2\zc706\fmcomms2_zc706.sdk\ad9361\src\src\include" -I"C:\Users\Elliot\Desktop\FPGA\FPGA2\hdl-hdl_2019_r2\projects\fmcomms2\zc706\fmcomms2_zc706.sdk\ad9361\src\src" -c -fmessage-length=0 -MT"src/src/ad9361/ad9361_util.o" -mcpu=cortex-a9 -mfpu=vfpv3 -mfloat-abi=hard -I../../ad9361_bsp/ps7_cortexa9_0/include -MMD -MP -MF"src/src/ad9361/ad9361_util.d" -MT"src/src/ad9361/ad9361_util.o" -o "src/src/ad9361/ad9361_util.o" "../src/src/ad9361/ad9361_util.c"
In file included from ../src/src/ad9361/ad9361_util.h:51,
                 from ../src/src/ad9361/ad9361_util.c:43:
C:\Users\Elliot\Desktop\FPGA\FPGA2\hdl-hdl_2019_r2\projects\fmcomms2\zc706\fmcomms2_zc706.sdk\ad9361\src\src/app_config.h:52: warning: "XILINX_PLATFORM" redefined
 #define XILINX_PLATFORM
 
<command-line>: note: this is the location of the previous definition
'Finished building: ../src/src/ad9361/ad9361_util.c'
' '
'Building file: ../src/src/main.c'
'Invoking: ARM v7 gcc compiler'
arm-none-eabi-gcc -DXILINX_PLATFORM -Wall -O0 -g3 -I"C:\Users\Elliot\Desktop\FPGA\FPGA2\hdl-hdl_2019_r2\projects\fmcomms2\zc706\fmcomms2_zc706.sdk\ad9361\src\src\platform" -I"C:\Users\Elliot\Desktop\FPGA\FPGA2\hdl-hdl_2019_r2\projects\fmcomms2\zc706\fmcomms2_zc706.sdk\ad9361\src\src\ad9361" -I"C:\Users\Elliot\Desktop\FPGA\FPGA2\hdl-hdl_2019_r2\projects\fmcomms2\zc706\fmcomms2_zc706.sdk\ad9361\src\src\axi_core" -I"C:\Users\Elliot\Desktop\FPGA\FPGA2\hdl-hdl_2019_r2\projects\fmcomms2\zc706\fmcomms2_zc706.sdk\ad9361\src\src\include" -I"C:\Users\Elliot\Desktop\FPGA\FPGA2\hdl-hdl_2019_r2\projects\fmcomms2\zc706\fmcomms2_zc706.sdk\ad9361\src\src" -c -fmessage-length=0 -MT"src/src/main.o" -mcpu=cortex-a9 -mfpu=vfpv3 -mfloat-abi=hard -I../../ad9361_bsp/ps7_cortexa9_0/include -MMD -MP -MF"src/src/main.d" -MT"src/src/main.o" -o "src/src/main.o" "../src/src/main.c"
In file included from ../src/src/main.c:45:
../src/src/app_config.h:52: warning: "XILINX_PLATFORM" redefined
 #define XILINX_PLATFORM
 
<command-line>: note: this is the location of the previous definition
../src/src/main.c: In function 'main':
../src/src/main.c:726:54: warning: format '%d' expects argument of type 'int', but argument 3 has type 'uint32_t' {aka 'long unsigned int'} [-Wformat=]
    printf("Frame %d: RSSI before capture (symbol) = %d\n", frame, rssi.symbol);
                                                     ~^            ~~~~~~~~~~~
                                                     %ld
'Finished building: ../src/src/main.c'
' '
'Building target: ad9361.elf'
'Invoking: ARM v7 gcc linker'
arm-none-eabi-gcc -mcpu=cortex-a9 -mfpu=vfpv3 -mfloat-abi=hard -Wl,-build-id=none -specs=Xilinx.spec -Wl,-T -Wl,../src/lscript.ld -L../../ad9361_bsp/ps7_cortexa9_0/lib -o "ad9361.elf"  ./src/src/util/util.o  ./src/src/platform/axi_io.o ./src/src/platform/delay.o ./src/src/platform/gpio.o ./src/src/platform/irq.o ./src/src/platform/spi.o ./src/src/platform/xilinx_gpio.o ./src/src/platform/xilinx_spi.o  ./src/src/axi_core/axi_adc_core.o ./src/src/axi_core/axi_dac_core.o ./src/src/axi_core/axi_dmac.o  ./src/src/ad9361/ad9361.o ./src/src/ad9361/ad9361_api.o ./src/src/ad9361/ad9361_conv.o ./src/src/ad9361/ad9361_util.o  ./src/src/main.o   -lm -Wl,--start-group,-lxil,-lgcc,-lc,--end-group
'Finished building target: ad9361.elf'
' '
'Invoking: ARM v7 Print Size'
arm-none-eabi-size ad9361.elf  |tee "ad9361.elf.size"
   text	   data	    bss	    dec	    hex	filename
 252240	   4864	  23344	 280448	  44780	ad9361.elf
'Finished building: ad9361.elf.size'
' '
00:31:45 **** Incremental Build of configuration Debug for project FBSL ****
make pre-build main-build 
a9-linaro-pre-build-step
' '
'Building file: ../src/fsbl_hooks.c'
'Invoking: ARM v7 gcc compiler'
arm-none-eabi-gcc -Wall -O0 -g3 -I"C:\Users\Elliot\Desktop\FPGA\FPGA2\hdl-hdl_2019_r2\projects\fmcomms2\zc706\fmcomms2_zc706.sdk\system_top_hw_platform_0" -c -fmessage-length=0 -MT"src/fsbl_hooks.o" -mcpu=cortex-a9 -mfpu=vfpv3 -mfloat-abi=hard -I../../ad9361_bsp/ps7_cortexa9_0/include -MMD -MP -MF"src/fsbl_hooks.d" -MT"src/fsbl_hooks.o" -o "src/fsbl_hooks.o" "../src/fsbl_hooks.c"
'Finished building: ../src/fsbl_hooks.c'
' '
'Building file: ../src/image_mover.c'
'Invoking: ARM v7 gcc compiler'
arm-none-eabi-gcc -Wall -O0 -g3 -I"C:\Users\Elliot\Desktop\FPGA\FPGA2\hdl-hdl_2019_r2\projects\fmcomms2\zc706\fmcomms2_zc706.sdk\system_top_hw_platform_0" -c -fmessage-length=0 -MT"src/image_mover.o" -mcpu=cortex-a9 -mfpu=vfpv3 -mfloat-abi=hard -I../../ad9361_bsp/ps7_cortexa9_0/include -MMD -MP -MF"src/image_mover.d" -MT"src/image_mover.o" -o "src/image_mover.o" "../src/image_mover.c"
'Finished building: ../src/image_mover.c'
' '
'Building file: ../src/main.c'
'Invoking: ARM v7 gcc compiler'
arm-none-eabi-gcc -Wall -O0 -g3 -I"C:\Users\Elliot\Desktop\FPGA\FPGA2\hdl-hdl_2019_r2\projects\fmcomms2\zc706\fmcomms2_zc706.sdk\system_top_hw_platform_0" -c -fmessage-length=0 -MT"src/main.o" -mcpu=cortex-a9 -mfpu=vfpv3 -mfloat-abi=hard -I../../ad9361_bsp/ps7_cortexa9_0/include -MMD -MP -MF"src/main.d" -MT"src/main.o" -o "src/main.o" "../src/main.c"
In file included from ../src/main.c:137:
../../ad9361_bsp/ps7_cortexa9_0/include/xtime_l.h:87:9: note: #pragma message: For the sleep routines, Global timer is being used
 #pragma message ("For the sleep routines, Global timer is being used")
         ^~~~~~~
'Finished building: ../src/main.c'
' '
'Building file: ../src/md5.c'
'Invoking: ARM v7 gcc compiler'
arm-none-eabi-gcc -Wall -O0 -g3 -I"C:\Users\Elliot\Desktop\FPGA\FPGA2\hdl-hdl_2019_r2\projects\fmcomms2\zc706\fmcomms2_zc706.sdk\system_top_hw_platform_0" -c -fmessage-length=0 -MT"src/md5.o" -mcpu=cortex-a9 -mfpu=vfpv3 -mfloat-abi=hard -I../../ad9361_bsp/ps7_cortexa9_0/include -MMD -MP -MF"src/md5.d" -MT"src/md5.o" -o "src/md5.o" "../src/md5.c"
'Finished building: ../src/md5.c'
' '
'Building file: ../src/nand.c'
'Invoking: ARM v7 gcc compiler'
arm-none-eabi-gcc -Wall -O0 -g3 -I"C:\Users\Elliot\Desktop\FPGA\FPGA2\hdl-hdl_2019_r2\projects\fmcomms2\zc706\fmcomms2_zc706.sdk\system_top_hw_platform_0" -c -fmessage-length=0 -MT"src/nand.o" -mcpu=cortex-a9 -mfpu=vfpv3 -mfloat-abi=hard -I../../ad9361_bsp/ps7_cortexa9_0/include -MMD -MP -MF"src/nand.d" -MT"src/nand.o" -o "src/nand.o" "../src/nand.c"
'Finished building: ../src/nand.c'
' '
'Building file: ../src/nor.c'
'Invoking: ARM v7 gcc compiler'
arm-none-eabi-gcc -Wall -O0 -g3 -I"C:\Users\Elliot\Desktop\FPGA\FPGA2\hdl-hdl_2019_r2\projects\fmcomms2\zc706\fmcomms2_zc706.sdk\system_top_hw_platform_0" -c -fmessage-length=0 -MT"src/nor.o" -mcpu=cortex-a9 -mfpu=vfpv3 -mfloat-abi=hard -I../../ad9361_bsp/ps7_cortexa9_0/include -MMD -MP -MF"src/nor.d" -MT"src/nor.o" -o "src/nor.o" "../src/nor.c"
'Finished building: ../src/nor.c'
' '
'Building file: ../src/pcap.c'
'Invoking: ARM v7 gcc compiler'
arm-none-eabi-gcc -Wall -O0 -g3 -I"C:\Users\Elliot\Desktop\FPGA\FPGA2\hdl-hdl_2019_r2\projects\fmcomms2\zc706\fmcomms2_zc706.sdk\system_top_hw_platform_0" -c -fmessage-length=0 -MT"src/pcap.o" -mcpu=cortex-a9 -mfpu=vfpv3 -mfloat-abi=hard -I../../ad9361_bsp/ps7_cortexa9_0/include -MMD -MP -MF"src/pcap.d" -MT"src/pcap.o" -o "src/pcap.o" "../src/pcap.c"
In file included from ../src/pcap.c:100:
../../ad9361_bsp/ps7_cortexa9_0/include/xtime_l.h:87:9: note: #pragma message: For the sleep routines, Global timer is being used
 #pragma message ("For the sleep routines, Global timer is being used")
         ^~~~~~~
'Finished building: ../src/pcap.c'
' '
'Building file: C:/Users/Elliot/Desktop/FPGA/FPGA2/hdl-hdl_2019_r2/projects/fmcomms2/zc706/fmcomms2_zc706.sdk/system_top_hw_platform_0/ps7_init.c'
'Invoking: ARM v7 gcc compiler'
arm-none-eabi-gcc -Wall -O0 -g3 -I"C:\Users\Elliot\Desktop\FPGA\FPGA2\hdl-hdl_2019_r2\projects\fmcomms2\zc706\fmcomms2_zc706.sdk\system_top_hw_platform_0" -c -fmessage-length=0 -MT"src/ps7_init.o" -mcpu=cortex-a9 -mfpu=vfpv3 -mfloat-abi=hard -I../../ad9361_bsp/ps7_cortexa9_0/include -MMD -MP -MF"src/ps7_init.d" -MT"src/ps7_init.o" -o "src/ps7_init.o" "C:/Users/Elliot/Desktop/FPGA/FPGA2/hdl-hdl_2019_r2/projects/fmcomms2/zc706/fmcomms2_zc706.sdk/system_top_hw_platform_0/ps7_init.c"
'Finished building: C:/Users/Elliot/Desktop/FPGA/FPGA2/hdl-hdl_2019_r2/projects/fmcomms2/zc706/fmcomms2_zc706.sdk/system_top_hw_platform_0/ps7_init.c'
' '
'Building file: ../src/qspi.c'
'Invoking: ARM v7 gcc compiler'
arm-none-eabi-gcc -Wall -O0 -g3 -I"C:\Users\Elliot\Desktop\FPGA\FPGA2\hdl-hdl_2019_r2\projects\fmcomms2\zc706\fmcomms2_zc706.sdk\system_top_hw_platform_0" -c -fmessage-length=0 -MT"src/qspi.o" -mcpu=cortex-a9 -mfpu=vfpv3 -mfloat-abi=hard -I../../ad9361_bsp/ps7_cortexa9_0/include -MMD -MP -MF"src/qspi.d" -MT"src/qspi.o" -o "src/qspi.o" "../src/qspi.c"
'Finished building: ../src/qspi.c'
' '
'Building file: ../src/sd.c'
'Invoking: ARM v7 gcc compiler'
arm-none-eabi-gcc -Wall -O0 -g3 -I"C:\Users\Elliot\Desktop\FPGA\FPGA2\hdl-hdl_2019_r2\projects\fmcomms2\zc706\fmcomms2_zc706.sdk\system_top_hw_platform_0" -c -fmessage-length=0 -MT"src/sd.o" -mcpu=cortex-a9 -mfpu=vfpv3 -mfloat-abi=hard -I../../ad9361_bsp/ps7_cortexa9_0/include -MMD -MP -MF"src/sd.d" -MT"src/sd.o" -o "src/sd.o" "../src/sd.c"
'Finished building: ../src/sd.c'
' '
'Building target: FBSL.elf'
'Invoking: ARM v7 gcc linker'
arm-none-eabi-gcc -mcpu=cortex-a9 -mfpu=vfpv3 -mfloat-abi=hard -Wl,-build-id=none -specs=Xilinx.spec -Wl,-T -Wl,../src/lscript.ld -L../../ad9361_bsp/ps7_cortexa9_0/lib -o "FBSL.elf"  ./src/fsbl_handoff.o ./src/fsbl_hooks.o ./src/image_mover.o ./src/main.o ./src/md5.o ./src/nand.o ./src/nor.o ./src/pcap.o ./src/ps7_init.o ./src/qspi.o ./src/rsa.o ./src/sd.o   -Wl,--start-group,-lxil,-lgcc,-lc,--end-group -Wl,--start-group,-lxilffs,-lxil,-lgcc,-lc,--end-group
'Finished building target: FBSL.elf'
' '
'Invoking: ARM v7 Print Size'
arm-none-eabi-size FBSL.elf  |tee "FBSL.elf.size"
   text	   data	    bss	    dec	    hex	filename
  89672	  12680	  75384	 177736	  2b648	FBSL.elf
'Finished building: FBSL.elf.size'
' '
